instance Foldable Maybe -- Defined in ‘Data.Foldable’
instance Traversable Maybe -- Defined in ‘Data.Traversable’
instance GHC.Base.Alternative Maybe -- Defined in ‘GHC.Base’
instance Applicative Maybe -- Defined in ‘GHC.Base’
instance Functor Maybe -- Defined in ‘GHC.Base’
instance MonadFail Maybe -- Defined in ‘Control.Monad.Fail’
instance GHC.Base.MonadPlus Maybe -- Defined in ‘GHC.Base’
instance Monad Maybe -- Defined in ‘GHC.Base’
instance Eq w => Eq (Maybe w) -- Defined in ‘GHC.Maybe’
instance GHC.Generics.Generic (Maybe w)
  -- Defined in ‘GHC.Generics’
instance Semigroup w => Monoid (Maybe w) -- Defined in ‘GHC.Base’
instance Ord w => Ord (Maybe w) -- Defined in ‘GHC.Maybe’
instance Read w => Read (Maybe w) -- Defined in ‘GHC.Read’
instance Semigroup w => Semigroup (Maybe w)
  -- Defined in ‘GHC.Base’
instance Show w => Show (Maybe w) -- Defined in ‘GHC.Show’
instance GHC.Generics.SingKind w => GHC.Generics.SingKind (Maybe w)
  -- Defined in ‘GHC.Generics’
instance GHC.Generics.Generic [w] -- Defined in ‘GHC.Generics’
instance Monoid [w] -- Defined in ‘GHC.Base’
instance Semigroup [w] -- Defined in ‘GHC.Base’
instance Read w => Read [w] -- Defined in ‘GHC.Read’
instance Ord w => Ord [w] -- Defined in ‘GHC.Classes’
instance Show w => Show [w] -- Defined in ‘GHC.Show’
instance Eq w => Eq [w] -- Defined in ‘GHC.Classes’
instance [safe] MyShow w => MyShow [w]
  -- Defined at ghci064.hs:8:10
instance GHC.Generics.Generic [T] -- Defined in ‘GHC.Generics’
instance Monoid [T] -- Defined in ‘GHC.Base’
instance Semigroup [T] -- Defined in ‘GHC.Base’
instance [safe] MyShow [T] -- Defined at ghci064.hs:16:10
instance [safe] MyShow [T] -- Defined at ghci064.hs:8:10
instance GHC.Generics.Generic Bool -- Defined in ‘GHC.Generics’
instance GHC.Generics.SingKind Bool -- Defined in ‘GHC.Generics’
instance Read Bool -- Defined in ‘GHC.Read’
instance Bounded Bool -- Defined in ‘GHC.Enum’
instance Enum Bool -- Defined in ‘GHC.Enum’
instance GHC.Ix.Ix Bool -- Defined in ‘GHC.Ix’
instance Ord Bool -- Defined in ‘GHC.Classes’
instance Show Bool -- Defined in ‘GHC.Show’
instance Eq Bool -- Defined in ‘GHC.Classes’
instance GHC.Bits.Bits Bool -- Defined in ‘GHC.Bits’
instance GHC.Bits.FiniteBits Bool -- Defined in ‘GHC.Bits’
instance Foldable ((,) Int) -- Defined in ‘Data.Foldable’
instance Traversable ((,) Int) -- Defined in ‘Data.Traversable’
instance Functor ((,) Int) -- Defined in ‘GHC.Base’
