
<no location info>: error:
    The package (base-4.16.0.0) is required to be trusted but it isn't!

<no location info>: error:
    The package (bytestring-0.11.1.0) is required to be trusted but it isn't!
